19:36:54 **** Incremental Build of configuration Debug for project nucleo_f411re_uart2_printf_uart6_wifi_new ****
make -j8 all 
arm-none-eabi-gcc "../Core/Src/main.c" -mcpu=cortex-m4 -std=gnu11 -g3 -DDEBUG -DUSE_HAL_DRIVER -DSTM32F411xE -c -I../Core/Inc -I../Drivers/STM32F4xx_HAL_Driver/Inc -I../Drivers/STM32F4xx_HAL_Driver/Inc/Legacy -I../Drivers/CMSIS/Device/ST/STM32F4xx/Include -I../Drivers/CMSIS/Include -O0 -ffunction-sections -fdata-sections -Wall -fstack-usage -fcyclomatic-complexity -MMD -MP -MF"Core/Src/main.d" -MT"Core/Src/main.o" --specs=nano.specs -mfpu=fpv4-sp-d16 -mfloat-abi=hard -mthumb -o "Core/Src/main.o"
arm-none-eabi-gcc -o "nucleo_f411re_uart2_printf_uart6_wifi_new.elf" @"objects.list"   -mcpu=cortex-m4 -T"D:\intel_kth\STM32\nucleo_f411re_uart2_printf_uart6_wifi_new\STM32F411RETX_FLASH.ld" --specs=nosys.specs -Wl,-Map="nucleo_f411re_uart2_printf_uart6_wifi_new.map" -Wl,--gc-sections -static --specs=nano.specs -mfpu=fpv4-sp-d16 -mfloat-abi=hard -mthumb -Wl,--start-group -lc -lm -Wl,--end-group
Finished building target: nucleo_f411re_uart2_printf_uart6_wifi_new.elf
 
arm-none-eabi-size  nucleo_f411re_uart2_printf_uart6_wifi_new.elf 
arm-none-eabi-objdump -h -S nucleo_f411re_uart2_printf_uart6_wifi_new.elf  > "nucleo_f411re_uart2_printf_uart6_wifi_new.list"
   text	   data	    bss	    dec	    hex	filename
  25896	    108	   4324	  30328	   7678	nucleo_f411re_uart2_printf_uart6_wifi_new.elf
Finished building: default.size.stdout
 
Finished building: nucleo_f411re_uart2_printf_uart6_wifi_new.list
 

19:36:55 Build Finished. 0 errors, 0 warnings. (took 865ms)

