../Core/Src/main.c:91:5:main	64	static
../Core/Src/main.c:209:6:SystemClock_Config	88	static
../Core/Src/main.c:255:13:MX_TIM3_Init	64	static
../Core/Src/main.c:314:13:MX_USART2_UART_Init	8	static
../Core/Src/main.c:347:13:MX_USART6_UART_Init	8	static
../Core/Src/main.c:380:13:MX_GPIO_Init	48	static
../Core/Src/main.c:423:6:MX_GPIO_LED_ON	16	static
../Core/Src/main.c:427:6:MX_GPIO_LED_OFF	16	static
../Core/Src/main.c:431:6:esp_event	120	static
../Core/Src/main.c:481:6:HAL_TIM_PeriodElapsedCallback	16	static
../Core/Src/main.c:498:6:Error_Handler	4	static,ignoring_inline_asm
